I'm sorry, but errors were detected in your script. Please correct the
errors listed below, and try again.


File "game/screens.rpy", line 197: Indentation mismatch.
    if not renpy.variant("small"):

Ren'Py Version: Ren'Py 8.5.2.26010301
Wed Apr 29 16:38:38 2026
